<html>
<body>
<pre>
<h1>µVision Build Log</h1>
<h2>Tool Versions:</h2>
IDE-Version: µVision V5.38.0.0
Copyright (C) 2022 ARM Ltd and ARM Germany GmbH. All rights reserved.
License Information: Francis Gabriel Anos, Texas A&M, LIC=----
 
Tool Versions:
Toolchain:       MDK-Lite  Version: 5.38.0.0
Toolchain Path:  C:\Keil_v5\ARM\ARMCLANG\Bin
C Compiler:      ArmClang.exe V6.19
Assembler:       Armasm.exe V6.19
Linker/Locator:  ArmLink.exe V6.19
Library Manager: ArmAr.exe V6.19
Hex Converter:   FromElf.exe V6.19
CPU DLL:         SARMCM3.DLL V5.38.0.0
Dialog DLL:      DCM.DLL V1.17.5.0
Target DLL:      TI_XDS\XDS2CM3.dll V1.0.13.0
Dialog DLL:      TCM.DLL V1.56.4.0
 
<h2>Project:</h2>
C:\Users\anosf\Downloads\LabTemplate_New V5.37 (1)\LabTemplate\LabTemplate.uvprojx
Project File Date:  11/30/2023

<h2>Output:</h2>
*** Using Compiler 'V6.19', folder: 'C:\Keil_v5\ARM\ARMCLANG\Bin'
Rebuild target 'Target 1'
assembling startup_msp432p401r_uvision.s...
compiling system_msp432p401r.c...
compiling RedirectPrintf.c...
compiling main.c...
linking...
Program Size: Code=8880 RO-data=1012 RW-data=0 ZI-data=4704  
".\Objects\LabTemplate.axf" - 0 Error(s), 0 Warning(s).

<h2>Software Packages used:</h2>

Package Vendor: ARM
                http://www.keil.com/pack/ARM.CMSIS.5.9.0.pack
                ARM.CMSIS.5.9.0
                CMSIS (Common Microcontroller Software Interface Standard)
   * Component: CORE Version: 5.6.0

Package Vendor: TexasInstruments
                http://software-dl.ti.com/msp430/msp430_public_sw/mcu/msp430/msp432cmsis/latest/exports/TexasInstruments.MSP432P4xx_DFP.3.2.6.pack
                TexasInstruments.MSP432P4xx_DFP.3.2.6
                Device Family Pack for Texas Instruments SimpleLink(TM) MSP432 Series
   * Component: Startup Version: 3.2.2

<h2>Collection of Component include folders:</h2>
  ./RTE/_Target_1
  C:/Users/anosf/AppData/Local/Arm/Packs/ARM/CMSIS/5.9.0/CMSIS/Core/Include
  C:/Users/anosf/AppData/Local/Arm/Packs/TexasInstruments/MSP432P4xx_DFP/3.2.6/Device/Include

<h2>Collection of Component Files used:</h2>

   * Component: ARM::CMSIS:CORE:5.6.0

   * Component: TexasInstruments::Device:Startup:3.2.2
      Source file:   Device/Source/startup_msp432p401r_uvision.s
      Include file:  Device/Include/msp_compatibility.h
      Source file:   Device/Source/system_msp432p401r.c
      Source file:   Examples/EmptyMain/main.c
      Source file:   Examples/BlinkLED/blinkLED.c
Build Time Elapsed:  00:00:01
</pre>
</body>
</html>
